
> islte@1.0.0 build
> vite build

[36mvite v5.4.21 [32mbuilding for production...[36m[39m
transforming...
node.exe : node_modules/react-router/dist/development/index.mjs (11:0): Module 
level directives cause errors when bundled, "use client" in 
"node_modules/react-router/dist/development/index.mjs" was ignored.
At line:1 char:1
+ & "C:\Program Files\nodejs/node.exe" "C:\Program Files\nodejs/node_mo ...
+ ~~~~~~~~~~~~~~~~~~~~~~~~~~~~~~~~~~~~~~~~~~~~~~~~~~~~~~~~~~~~~~~~~~~~~
    + CategoryInfo          : NotSpecified: (node_modules/re...s" was ignored. 
   :String) [], RemoteException
    + FullyQualifiedErrorId : NativeCommandError
 
node_modules/react-router/dist/development/dom-export.mjs (1:0): Module level 
directives cause errors when bundled, "use client" in 
"node_modules/react-router/dist/development/dom-export.mjs" was ignored.
[32mΓ£ô[39m 1476 modules transformed.
rendering chunks...
computing gzip size...
[2mdist/[22m[32mindex.html                                                                                                                                                    [39m[1m[2m    0.42 kB[22m[1m[22m[2m Γöé gzip:  0.29 kB[22m
[2mdist/[22m[32massets/icon-baltoscope-colors-BxgjC8zx.png                                                                                                                    [39m[1m[2m    4.63 kB[22m[1m[22m
[2mdist/[22m[32massets/Spectro_UV_transparent_logo-Bia1dtXP.avif                                                                                                              [39m[1m[2m    4.89 kB[22m[1m[22m
[2mdist/[22m[32massets/X600_4W_02-1-150x150-DhKKS95L.jpg                                                                                                                      [39m[1m[2m    5.89 kB[22m[1m[22m
[2mdist/[22m[32massets/computed_radiography-DKshQ_81.jpg                                                                                                                      [39m[1m[2m    6.08 kB[22m[1m[22m
[2mdist/[22m[32massets/icon-baltospot-colors-BCLqzky9.png                                                                                                                     [39m[1m[2m    6.08 kB[22m[1m[22m
[2mdist/[22m[32massets/ndt-software-eLSRDaSm.jpg                                                                                                                              [39m[1m[2m    6.37 kB[22m[1m[22m
[2mdist/[22m[32massets/direct_digital_radiography-BS-TQujh.jpg                                                                                                                [39m[1m[2m    6.42 kB[22m[1m[22m
[2mdist/[22m[32massets/drc-he-flat-panel-detector-hl-CoY031B_.jpg                                                                                                             [39m[1m[2m    6.93 kB[22m[1m[22m
[2mdist/[22m[32massets/conventional_radiography-DWW0npyb.jpg                                                                                                                  [39m[1m[2m    7.17 kB[22m[1m[22m
[2mdist/[22m[32massets/download-Sz6vLEUL.jpg                                                                                                                                  [39m[1m[2m    7.96 kB[22m[1m[22m
[2mdist/[22m[32massets/d-dr-7-ndt-cmos-xrayl-detector-1-ir7bsfDb.jpg                                                                                                          [39m[1m[2m    8.22 kB[22m[1m[22m
[2mdist/[22m[32massets/11361_3-CBCGNf0I.webp                                                                                                                                  [39m[1m[2m    8.70 kB[22m[1m[22m
[2mdist/[22m[32massets/dpi-equipment-574693e9808e9-JwjZvSLQ.jpg                                                                                                               [39m[1m[2m    9.46 kB[22m[1m[22m
[2mdist/[22m[32massets/d-dr-1024-ndt-flat-panel-detector-1-BTLJidxy.jpg                                                                                                       [39m[1m[2m    9.53 kB[22m[1m[22m
[2mdist/[22m[32massets/9150_1-DvhYVpmx.jpg                                                                                                                                    [39m[1m[2m    9.86 kB[22m[1m[22m
[2mdist/[22m[32massets/icon-accessories-colors-B8XFjmDd.png                                                                                                                   [39m[1m[2m    9.96 kB[22m[1m[22m
[2mdist/[22m[32massets/drp_flat_panel-hl-C4KwN0h0.jpg                                                                                                                         [39m[1m[2m   10.15 kB[22m[1m[22m
[2mdist/[22m[32massets/xr24_automatic_film_processor-hl-3Nzgs3um.jpg                                                                                                          [39m[1m[2m   10.25 kB[22m[1m[22m
[2mdist/[22m[32massets/d-dr-2430-ndt-flat-panel-detector-1-BR32jWmp.jpg                                                                                                       [39m[1m[2m   10.27 kB[22m[1m[22m
[2mdist/[22m[32massets/Flexitest_Front-600x400-1-400x267-CaiB8fiu.jpg                                                                                                         [39m[1m[2m   10.31 kB[22m[1m[22m
[2mdist/[22m[32massets/speciality-application-industrial-ultrasonic-couplant-300x150-1-McX1DrR3.png                                                                           [39m[1m[2m   10.40 kB[22m[1m[22m
[2mdist/[22m[32massets/6808_2-D5kOVxwF.jpg                                                                                                                                    [39m[1m[2m   10.76 kB[22m[1m[22m
[2mdist/[22m[32massets/cr-35-ndt-computed-radiography-scanner-1-CLixCDoM.jpg                                                                                                  [39m[1m[2m   11.37 kB[22m[1m[22m
[2mdist/[22m[32massets/hd-cr-35-ndt-computed-radiography-scanner-1-CPbBvxLe.jpg                                                                                               [39m[1m[2m   11.44 kB[22m[1m[22m
[2mdist/[22m[32massets/p_178-B5BCfEPm.jpg                                                                                                                                     [39m[1m[2m   11.71 kB[22m[1m[22m
[2mdist/[22m[32massets/icon-baltograph-colors-Cu0JxUWs.png                                                                                                                    [39m[1m[2m   11.97 kB[22m[1m[22m
[2mdist/[22m[32massets/XRB-100_copy-DWs8NdxS.webp                                                                                                                             [39m[1m[2m   12.06 kB[22m[1m[22m
[2mdist/[22m[32massets/d-dr-2329-ndt-flat-panel-detector-1-BF0dFkvR.jpg                                                                                                       [39m[1m[2m   12.60 kB[22m[1m[22m
[2mdist/[22m[32massets/UT-GB-High-Temp-Probes-244-zvKbOAAK.jpg                                                                                                                [39m[1m[2m   12.63 kB[22m[1m[22m
[2mdist/[22m[32massets/3832_7-DsdzOUJH.jpg                                                                                                                                    [39m[1m[2m   12.98 kB[22m[1m[22m
[2mdist/[22m[32massets/7430_1-Dzzwhv-C.jpg                                                                                                                                    [39m[1m[2m   13.09 kB[22m[1m[22m
[2mdist/[22m[32massets/imaging_plates-hl-hyVYCRYS.jpg                                                                                                                         [39m[1m[2m   13.35 kB[22m[1m[22m
[2mdist/[22m[32massets/d-dr-ndt-bendable-xray-detector-1-CCb-g2uu.jpg                                                                                                         [39m[1m[2m   13.54 kB[22m[1m[22m
[2mdist/[22m[32massets/8836-DNU0kxFt.jpg                                                                                                                                      [39m[1m[2m   13.60 kB[22m[1m[22m
[2mdist/[22m[32massets/1388-DMrPZpSo.jpg                                                                                                                                      [39m[1m[2m   13.69 kB[22m[1m[22m
[2mdist/[22m[32massets/7180-BuwCeR7M.jpg                                                                                                                                      [39m[1m[2m   13.94 kB[22m[1m[22m
[2mdist/[22m[32massets/IPS012-DoVFYDUL.png                                                                                                                                    [39m[1m[2m   14.20 kB[22m[1m[22m
[2mdist/[22m[32massets/4500_6-uaqFXe-Y.jpg                                                                                                                                    [39m[1m[2m   14.47 kB[22m[1m[22m
[2mdist/[22m[32massets/icon-baltomatic-colors-DufYdUpl.png                                                                                                                    [39m[1m[2m   14.72 kB[22m[1m[22m
[2mdist/[22m[32massets/7437_1-CgbyPs_Z.jpg                                                                                                                                    [39m[1m[2m   15.06 kB[22m[1m[22m
[2mdist/[22m[32massets/1592_1-76Tr8cfT.jpg                                                                                                                                    [39m[1m[2m   15.77 kB[22m[1m[22m
[2mdist/[22m[32massets/Vallen-Logo-DagEDFYe.png                                                                                                                               [39m[1m[2m   15.93 kB[22m[1m[22m
[2mdist/[22m[32massets/VS900-M-Beitrag-300x270-CLobvpmh.png                                                                                                                   [39m[1m[2m   15.97 kB[22m[1m[22m
[2mdist/[22m[32massets/gs300-mlgGPA7q.jpg                                                                                                                                     [39m[1m[2m   16.06 kB[22m[1m[22m
[2mdist/[22m[32massets/ndt_x-ray_chemicals-hl-CIW1m3jr.jpg                                                                                                                    [39m[1m[2m   16.09 kB[22m[1m[22m
[2mdist/[22m[32massets/ndt-imaging-software-d-tect-x-hl-CkvNr_no.jpg                                                                                                          [39m[1m[2m   16.91 kB[22m[1m[22m
[2mdist/[22m[32massets/8440_1-CfL_PRMZ.jpg                                                                                                                                    [39m[1m[2m   17.49 kB[22m[1m[22m
[2mdist/[22m[32massets/p_174_1-Ds5Qcvhk.jpg                                                                                                                                   [39m[1m[2m   17.59 kB[22m[1m[22m
[2mdist/[22m[32massets/drive-ndt-management-software-hl-Bowr_xNB.jpg                                                                                                          [39m[1m[2m   17.78 kB[22m[1m[22m
[2mdist/[22m[32massets/ndt-pacs-software-instandt-1-Bhg7GhWN.jpg                                                                                                              [39m[1m[2m   17.84 kB[22m[1m[22m
[2mdist/[22m[32massets/6930_60-OrmQNOMF.webp                                                                                                                                  [39m[1m[2m   17.92 kB[22m[1m[22m
[2mdist/[22m[32massets/hf-550-BsHUi4iK.jpg                                                                                                                                    [39m[1m[2m   18.09 kB[22m[1m[22m
[2mdist/[22m[32massets/p_103-Bfl1mD5N.jpg                                                                                                                                     [39m[1m[2m   18.15 kB[22m[1m[22m
[2mdist/[22m[32massets/p_173-BnjZbexw.jpg                                                                                                                                     [39m[1m[2m   18.46 kB[22m[1m[22m
[2mdist/[22m[32massets/dp700_produkt-wPlA4ELA.webp                                                                                                                            [39m[1m[2m   18.74 kB[22m[1m[22m
[2mdist/[22m[32massets/dp_600_procut-BAPdw8UR.webp                                                                                                                            [39m[1m[2m   19.06 kB[22m[1m[22m
[2mdist/[22m[32massets/4866_1_1-CpWyAFSr.jpg                                                                                                                                  [39m[1m[2m   19.26 kB[22m[1m[22m
[2mdist/[22m[32massets/d-dr-3643-ndt-flat-panel-detector-1-DF9E6-un.jpg                                                                                                       [39m[1m[2m   19.48 kB[22m[1m[22m
[2mdist/[22m[32massets/5500-DFAoxv8X.jpg                                                                                                                                      [39m[1m[2m   19.50 kB[22m[1m[22m
[2mdist/[22m[32massets/p_193_iq-300_2-DYs1p7sc.jpg                                                                                                                            [39m[1m[2m   19.68 kB[22m[1m[22m
[2mdist/[22m[32massets/waage_1-BaFFUmch.jpg                                                                                                                                   [39m[1m[2m   19.68 kB[22m[1m[22m
[2mdist/[22m[32massets/6613_1-Dz5nilha.jpg                                                                                                                                    [39m[1m[2m   19.76 kB[22m[1m[22m
[2mdist/[22m[32massets/6606_1-DnqDU4Ju.jpg                                                                                                                                    [39m[1m[2m   19.77 kB[22m[1m[22m
[2mdist/[22m[32massets/XDSD-1000usa_copy_copy-CUU9VVBY.jpg                                                                                                                    [39m[1m[2m   19.82 kB[22m[1m[22m
[2mdist/[22m[32massets/3332_1-BJH8Sc_y.jpg                                                                                                                                    [39m[1m[2m   20.09 kB[22m[1m[22m
[2mdist/[22m[32massets/dc410_flow-CZm7QZwd.jpg                                                                                                                                [39m[1m[2m   20.15 kB[22m[1m[22m
[2mdist/[22m[32massets/snapsweep_1-C1zrzCZj.jpg                                                                                                                               [39m[1m[2m   20.81 kB[22m[1m[22m
[2mdist/[22m[32massets/p_15220_snap_sweep_soft-Cc_rBrhO.jpg                                                                                                                   [39m[1m[2m   21.25 kB[22m[1m[22m
[2mdist/[22m[32massets/XS-365usa_copy_copy-ESjRMu_F.webp                                                                                                                      [39m[1m[2m   21.28 kB[22m[1m[22m
[2mdist/[22m[32massets/high-temperature-industrial-ultrasonic-couplant-VersaSonic-400x400-Bsc_G_pp.webp                                                                       [39m[1m[2m   21.49 kB[22m[1m[22m
[2mdist/[22m[32massets/6935_1-DwhGyVlV.jpg                                                                                                                                    [39m[1m[2m   21.89 kB[22m[1m[22m
[2mdist/[22m[32massets/vis-260-c2KZXqXH.jpg                                                                                                                                   [39m[1m[2m   22.23 kB[22m[1m[22m
[2mdist/[22m[32massets/p_175-BgLPYVVb.jpg                                                                                                                                     [39m[1m[2m   22.45 kB[22m[1m[22m
[2mdist/[22m[32massets/AccuMAX-_Radiometer-Photometer_Kit-ndt-BX_Csl-C.webp                                                                                                   [39m[1m[2m   22.65 kB[22m[1m[22m
[2mdist/[22m[32massets/8229_1_1-DvyCB4b4.jpg                                                                                                                                  [39m[1m[2m   22.72 kB[22m[1m[22m
[2mdist/[22m[32massets/XS-555_I_USA_copy_copy-CfSIYM3I.jpg                                                                                                                    [39m[1m[2m   22.83 kB[22m[1m[22m
[2mdist/[22m[32massets/XR-1000_copy_12def2c5-5967-4fa8-9fc4-c16d750d781a-B57gG7rN.webp                                                                                        [39m[1m[2m   23.20 kB[22m[1m[22m
[2mdist/[22m[32massets/XS-254_usa_copy_copy-B56WaCNC.webp                                                                                                                     [39m[1m[2m   23.24 kB[22m[1m[22m
[2mdist/[22m[32massets/6190_1-Ct7z_kcG.jpg                                                                                                                                    [39m[1m[2m   23.45 kB[22m[1m[22m
[2mdist/[22m[32massets/mr_400_1-BJFz8Fip.jpg                                                                                                                                  [39m[1m[2m   23.45 kB[22m[1m[22m
[2mdist/[22m[32massets/XS-300usa_copy_copy-3vYnaoCt.jpg                                                                                                                       [39m[1m[2m   23.78 kB[22m[1m[22m
[2mdist/[22m[32massets/JIREH-6d608i0s.jpg                                                                                                                                     [39m[1m[2m   23.83 kB[22m[1m[22m
[2mdist/[22m[32massets/image003-DaBEwMGx.jpg                                                                                                                                  [39m[1m[2m   24.12 kB[22m[1m[22m
[2mdist/[22m[32massets/XDS-1000A_copy_2-DD-VLZgc.webp                                                                                                                         [39m[1m[2m   24.37 kB[22m[1m[22m
[2mdist/[22m[32massets/6615_1-Ef0v1iK-.jpg                                                                                                                                    [39m[1m[2m   24.64 kB[22m[1m[22m
[2mdist/[22m[32massets/XS-450_USA_copy_copy-BGQOw0lU.jpg                                                                                                                      [39m[1m[2m   24.66 kB[22m[1m[22m
[2mdist/[22m[32massets/cr_phantom-hl-DIraIIoN.jpg                                                                                                                             [39m[1m[2m   24.78 kB[22m[1m[22m
[2mdist/[22m[32massets/vis-260-B0U2h9dh.webp                                                                                                                                  [39m[1m[2m   26.70 kB[22m[1m[22m
[2mdist/[22m[32massets/p_18810-4-LtZhkE.jpg                                                                                                                                   [39m[1m[2m   26.89 kB[22m[1m[22m
[2mdist/[22m[32massets/6648_mit-software-MUnMSCUz.jpg                                                                                                                         [39m[1m[2m   27.20 kB[22m[1m[22m
[2mdist/[22m[32massets/3332_1 (1)-DWOMHBW0.jpg                                                                                                                                [39m[1m[2m   28.34 kB[22m[1m[22m
[2mdist/[22m[32massets/vp_400_p-212-DlghzV6E.jpg                                                                                                                              [39m[1m[2m   28.71 kB[22m[1m[22m
[2mdist/[22m[32massets/XP-2000A-C80CtYDg.webp                                                                                                                                 [39m[1m[2m   28.94 kB[22m[1m[22m
[2mdist/[22m[32massets/vis-360-DJBgq8vQ.webp                                                                                                                                  [39m[1m[2m   28.95 kB[22m[1m[22m
[2mdist/[22m[32massets/6622_1-CbKOXv5R.jpg                                                                                                                                    [39m[1m[2m   29.25 kB[22m[1m[22m
[2mdist/[22m[32massets/vis_-750_inspektionskamera-DsmyJsiW.jpg                                                                                                                [39m[1m[2m   29.56 kB[22m[1m[22m
[2mdist/[22m[32massets/m603-eRnJ-Qeo.jpg                                                                                                                                      [39m[1m[2m   29.96 kB[22m[1m[22m
[2mdist/[22m[32massets/spotWave-D09lhfvu.png                                                                                                                                  [39m[1m[2m   30.46 kB[22m[1m[22m
[2mdist/[22m[32massets/BaseCrawler-Card.width-500-DkJfkr7N.jpg                                                                                                                [39m[1m[2m   30.51 kB[22m[1m[22m
[2mdist/[22m[32massets/long-lasting-industrial-ultrasonic-couplant-Echo-8-ZH-v3-1000x1000-qqXTMePd.webp                                                                       [39m[1m[2m   31.39 kB[22m[1m[22m
[2mdist/[22m[32massets/MITCORP-DBgHzcg6.jpg                                                                                                                                   [39m[1m[2m   31.71 kB[22m[1m[22m
[2mdist/[22m[32massets/high-temperature-industrial-ultrasonic-couplant-450x288-1-IzWpe0DT.png                                                                                 [39m[1m[2m   31.95 kB[22m[1m[22m
[2mdist/[22m[32massets/DUR-CV3IkX2P.jpg                                                                                                                                       [39m[1m[2m   32.73 kB[22m[1m[22m
[2mdist/[22m[32massets/JOHNSON-CSpVVMCW.jpg                                                                                                                                   [39m[1m[2m   32.89 kB[22m[1m[22m
[2mdist/[22m[32massets/handkehrhaspel-Byod6O4c.jpg                                                                                                                            [39m[1m[2m   33.72 kB[22m[1m[22m
[2mdist/[22m[32massets/ECHO-YnPSvHqX.jpg                                                                                                                                      [39m[1m[2m   34.52 kB[22m[1m[22m
[2mdist/[22m[32massets/7570_1-BV1-PCHl.jpg                                                                                                                                    [39m[1m[2m   34.58 kB[22m[1m[22m
[2mdist/[22m[32massets/rec400_p-211-DdbNTWfr.jpg                                                                                                                              [39m[1m[2m   34.69 kB[22m[1m[22m
[2mdist/[22m[32massets/7000_1_3-DXxm7xCM.jpg                                                                                                                                  [39m[1m[2m   35.43 kB[22m[1m[22m
[2mdist/[22m[32massets/p_22_spiegel-hsLqkdpm.webp                                                                                                                             [39m[1m[2m   36.29 kB[22m[1m[22m
[2mdist/[22m[32massets/XP-2000_web-D3AzkknO.webp                                                                                                                              [39m[1m[2m   36.30 kB[22m[1m[22m
[2mdist/[22m[32massets/X750-01.jpg-CvYarCK8.webp                                                                                                                              [39m[1m[2m   36.84 kB[22m[1m[22m
[2mdist/[22m[32massets/gruppenartikel_p16-bJ-SFamD.webp                                                                                                                       [39m[1m[2m   36.96 kB[22m[1m[22m
[2mdist/[22m[32massets/new-HiTempco-plus-high-temperature-ultrasonic-couplant-400x400-DxxUVAwa.webp                                                                           [39m[1m[2m   37.22 kB[22m[1m[22m
[2mdist/[22m[32massets/17915_1-CVTu5vAb.jpg                                                                                                                                   [39m[1m[2m   38.06 kB[22m[1m[22m
[2mdist/[22m[32massets/XRP-3000AccuMAX_DigitalRadiometerwithXS-555LUltravioletLightCalibrationToolwithXrayFilmViewer_81f3e207-0a46-4052-b72b-bafe7eeb048f_copy-B7CrJBKN.webp  [39m[1m[2m   38.37 kB[22m[1m[22m
[2mdist/[22m[32massets/WOHLER-CbJI6xrz.jpg                                                                                                                                    [39m[1m[2m   38.90 kB[22m[1m[22m
[2mdist/[22m[32massets/sensors-500x383-BNg4jN1D.jpg                                                                                                                           [39m[1m[2m   39.88 kB[22m[1m[22m
[2mdist/[22m[32massets/emdc-zwkSCM6p.jpg                                                                                                                                      [39m[1m[2m   40.87 kB[22m[1m[22m
[2mdist/[22m[32massets/ATEX-Sensors-BEtqSz7C.jpg                                                                                                                              [39m[1m[2m   41.46 kB[22m[1m[22m
[2mdist/[22m[32massets/non-drying-industrail-ultrasonic-couplant-Forever-Wedge-1000x1000-Bt53_rA1.webp                                                                        [39m[1m[2m   43.44 kB[22m[1m[22m
[2mdist/[22m[32massets/3709_1-D3SRfjZG.jpg                                                                                                                                    [39m[1m[2m   46.22 kB[22m[1m[22m
[2mdist/[22m[32massets/Shear-Wave-industrial-ultrasonic-couplant-Echo-1000x1000-y3w8tZ0i.webp                                                                                 [39m[1m[2m   48.56 kB[22m[1m[22m
[2mdist/[22m[32massets/GB-d67L0VAK.jpg                                                                                                                                        [39m[1m[2m   49.04 kB[22m[1m[22m
[2mdist/[22m[32massets/logo-removebg-preview-C0JqGZIz.png                                                                                                                     [39m[1m[2m   49.39 kB[22m[1m[22m
[2mdist/[22m[32massets/PS10HD_00-CfYT4Hwd.jpg                                                                                                                                 [39m[1m[2m   49.71 kB[22m[1m[22m
[2mdist/[22m[32massets/Ambient-Temperature-Range-Industrial-Ultrasonic-Couplants-450x469-1-DEiUuEb7.png                                                                       [39m[1m[2m   49.91 kB[22m[1m[22m
[2mdist/[22m[32massets/M2V31-400x267-D3-TStWN.jpg                                                                                                                             [39m[1m[2m   50.20 kB[22m[1m[22m
[2mdist/[22m[32massets/ElotestM3-400x267-yQ3xYdze.jpg                                                                                                                         [39m[1m[2m   51.57 kB[22m[1m[22m
[2mdist/[22m[32massets/Rotoren1_LA1-CQYrkCU2.jpg                                                                                                                              [39m[1m[2m   53.81 kB[22m[1m[22m
[2mdist/[22m[32massets/Support-on-wheels-EyCPGIwv.png                                                                                                                         [39m[1m[2m   55.20 kB[22m[1m[22m
[2mdist/[22m[32massets/ROHMANN-Mkc9BEsq.jpg                                                                                                                                   [39m[1m[2m   55.99 kB[22m[1m[22m
[2mdist/[22m[32massets/XP-3000A_final-BzC5gmmz.webp                                                                                                                           [39m[1m[2m   60.22 kB[22m[1m[22m
[2mdist/[22m[32massets/J-HaTh-wAh.jpg                                                                                                                                         [39m[1m[2m   61.22 kB[22m[1m[22m
[2mdist/[22m[32massets/BALTEAU-bnQvkpOs.jpg                                                                                                                                   [39m[1m[2m   61.68 kB[22m[1m[22m
[2mdist/[22m[32massets/EPG002-Troglo-Tri.width-1000-cP99EkHN.jpg                                                                                                              [39m[1m[2m   61.86 kB[22m[1m[22m
[2mdist/[22m[32massets/glycerin-and-propylene-glycol-industrial-ultrasonic-couplant-1000x1000-Bw7aHaI5.webp                                                                   [39m[1m[2m   63.32 kB[22m[1m[22m
[2mdist/[22m[32massets/Ring-Lead-Screen-BCKnSFJo.png                                                                                                                          [39m[1m[2m   66.42 kB[22m[1m[22m
[2mdist/[22m[32massets/XRP-3000A_web_a6d0521f-f570-4f0f-a4ad-0fc53f3545b6-CQM3VHDY.webp                                                                                       [39m[1m[2m   71.15 kB[22m[1m[22m
[2mdist/[22m[32massets/PRSL300T_00-B5AMmidO.jpg                                                                                                                               [39m[1m[2m   71.99 kB[22m[1m[22m
[2mdist/[22m[32massets/X2000-HD-Featured-Image-1000x773-BlZeMhOr.jpg                                                                                                          [39m[1m[2m   83.64 kB[22m[1m[22m
[2mdist/[22m[32massets/referance_standards-D9-xhHiy.jpg                                                                                                                       [39m[1m[2m   84.55 kB[22m[1m[22m
[2mdist/[22m[32massets/ODI-Card.width-500-EGQs4tkX.png                                                                                                                        [39m[1m[2m   92.89 kB[22m[1m[22m
[2mdist/[22m[32massets/X600_Σ╕╗σ£ûσÉêµêÉ-ByVbijLR.jpg                                                                                                                                 [39m[1m[2m   93.98 kB[22m[1m[22m
[2mdist/[22m[32massets/WPG340-400x267-CeOT7Mgm.jpg                                                                                                                            [39m[1m[2m   97.12 kB[22m[1m[22m
[2mdist/[22m[32massets/Elotest_HST-400x491-DXjZmzFh.jpg                                                                                                                       [39m[1m[2m  105.97 kB[22m[1m[22m
[2mdist/[22m[32massets/Mire-BHGHKmVm.png                                                                                                                                      [39m[1m[2m  106.26 kB[22m[1m[22m
[2mdist/[22m[32massets/new_xp-3000-I2yVyBpg.webp                                                                                                                              [39m[1m[2m  108.21 kB[22m[1m[22m
[2mdist/[22m[32massets/NDT-1012MA-7-e1697207004215-BKuJNp5t.png                                                                                                               [39m[1m[2m  108.74 kB[22m[1m[22m
[2mdist/[22m[32massets/elobolt-400x257-COBG2kKO.jpg                                                                                                                           [39m[1m[2m  109.80 kB[22m[1m[22m
[2mdist/[22m[32massets/Phased-Array-UT-Inspection-ultrasonic-couplant-EchoPure-1000x1000-Bpm8DhEN.webp                                                                        [39m[1m[2m  113.86 kB[22m[1m[22m
[2mdist/[22m[32massets/BGG002-Card.width-500-Cxc4xqCS.png                                                                                                                     [39m[1m[2m  115.72 kB[22m[1m[22m
[2mdist/[22m[32massets/TULA-probe-01-UVntsArL.jpg                                                                                                                             [39m[1m[2m  119.84 kB[22m[1m[22m
[2mdist/[22m[32massets/ACCUPRO-Copy-C-qqHvad.webp                                                                                                                             [39m[1m[2m  124.12 kB[22m[1m[22m
[2mdist/[22m[32massets/XLD160-2-Cpm8TNmo.png                                                                                                                                  [39m[1m[2m  126.16 kB[22m[1m[22m
[2mdist/[22m[32massets/Inspection-CjTIGxie.jpg                                                                                                                                [39m[1m[2m  126.48 kB[22m[1m[22m
[2mdist/[22m[32massets/BTG018-Card_vCwn0tT.width-500-DbFocSC6.png                                                                                                             [39m[1m[2m  130.48 kB[22m[1m[22m
[2mdist/[22m[32massets/ambient-industrial-ultrasonic-couplant-SoniX-1000x1000-BfQPLzeZ.webp                                                                                   [39m[1m[2m  135.58 kB[22m[1m[22m
[2mdist/[22m[32massets/high-acoustic-impedance-ultrasonic-couplant-Echo-Zplus-1000x1000-C6v4Qy6_.webp                                                                         [39m[1m[2m  136.39 kB[22m[1m[22m
[2mdist/[22m[32massets/AIS-IqwQjQu6.png                                                                                                                                       [39m[1m[2m  140.84 kB[22m[1m[22m
[2mdist/[22m[32massets/Signal_Gallon_nobkgd-980x980-BLCIjCrj.webp                                                                                                             [39m[1m[2m  143.26 kB[22m[1m[22m
[2mdist/[22m[32massets/Ceram35P-1-DN0v0WQC.png                                                                                                                                [39m[1m[2m  148.49 kB[22m[1m[22m
[2mdist/[22m[32massets/EchoTherm-Extreme-High-Temperature-Couplant-1000x1000-ff2qEQpu.webp                                                                                    [39m[1m[2m  149.74 kB[22m[1m[22m
[2mdist/[22m[32massets/GFC205-YVs7cSQv.png                                                                                                                                    [39m[1m[2m  153.77 kB[22m[1m[22m
[2mdist/[22m[32massets/GFC300C-web-QJ9YMj6Z.png                                                                                                                               [39m[1m[2m  155.75 kB[22m[1m[22m
[2mdist/[22m[32massets/EloScan_3-400x362-DlPkYBIB.jpg                                                                                                                         [39m[1m[2m  160.39 kB[22m[1m[22m
[2mdist/[22m[32massets/ultrasonic-couplant-water-based-SuperSonix-1000x1000-AXeChkwt.webp                                                                                     [39m[1m[2m  160.81 kB[22m[1m[22m
[2mdist/[22m[32massets/tofd-group-double-w446-Bdt9FyKp.png                                                                                                                    [39m[1m[2m  160.90 kB[22m[1m[22m
[2mdist/[22m[32massets/echo-spot-weld-ultrasonic-couplant-1000x1000-dS03xZmb.webp                                                                                             [39m[1m[2m  163.48 kB[22m[1m[22m
[2mdist/[22m[32massets/B300_compressed-400x477-BQ6yflGN.png                                                                                                                   [39m[1m[2m  164.89 kB[22m[1m[22m
[2mdist/[22m[32massets/9412_1-DR_kpyIa.jpg                                                                                                                                    [39m[1m[2m  165.43 kB[22m[1m[22m
[2mdist/[22m[32massets/MOTIX-Plastic-3-Card.width-500-Da68xOmN.png                                                                                                            [39m[1m[2m  175.23 kB[22m[1m[22m
[2mdist/[22m[32massets/LLX225DA-MainSquare__FitMaxWzIwMDAsMjAwMF0-DgflGpDA.png                                                                                                [39m[1m[2m  192.97 kB[22m[1m[22m
[2mdist/[22m[32massets/DNG001-Card.width-500-CM3clopL.png                                                                                                                     [39m[1m[2m  200.70 kB[22m[1m[22m
[2mdist/[22m[32massets/X600-2830-e1767321155172-G_jmEI1I.jpg                                                                                                                  [39m[1m[2m  204.83 kB[22m[1m[22m
[2mdist/[22m[32massets/CEG048-Card.width-500-3a_sLlm3.png                                                                                                                     [39m[1m[2m  217.89 kB[22m[1m[22m
[2mdist/[22m[32massets/edf-with-caption-CswRwYv_.png                                                                                                                          [39m[1m[2m  222.28 kB[22m[1m[22m
[2mdist/[22m[32massets/DJG001-Card.width-500-CbOxvalb.png                                                                                                                     [39m[1m[2m  237.42 kB[22m[1m[22m
[2mdist/[22m[32massets/Data-Aquisition-Set-A_xV1-D7pXTLOc.jpg                                                                                                                 [39m[1m[2m  238.99 kB[22m[1m[22m
[2mdist/[22m[32massets/EC15-B3L9XfpD.jpg                                                                                                                                      [39m[1m[2m  243.58 kB[22m[1m[22m
[2mdist/[22m[32massets/ENG002-Card.width-500-CkIB05si.png                                                                                                                     [39m[1m[2m  245.30 kB[22m[1m[22m
[2mdist/[22m[32massets/Rohmann-ELOTEST-M6-Montage-quer-jjglP6O1.jpg                                                                                                           [39m[1m[2m  264.61 kB[22m[1m[22m
[2mdist/[22m[32massets/XMD225-1-5DbyHuVU.png                                                                                                                                  [39m[1m[2m  325.68 kB[22m[1m[22m
[2mdist/[22m[32massets/X3000-photo_departed-CZZJ4jbL.png                                                                                                                      [39m[1m[2m  341.47 kB[22m[1m[22m
[2mdist/[22m[32massets/XSD160-1-quSgCadW.png                                                                                                                                  [39m[1m[2m  365.30 kB[22m[1m[22m
[2mdist/[22m[32massets/Discs-980x714-CWy4rtb-.png                                                                                                                             [39m[1m[2m  424.45 kB[22m[1m[22m
[2mdist/[22m[32massets/TSC200-6MamdCBj.png                                                                                                                                    [39m[1m[2m  449.83 kB[22m[1m[22m
[2mdist/[22m[32massets/Integral-TOFD-copy-BFOdEjN9.png                                                                                                                        [39m[1m[2m  747.56 kB[22m[1m[22m
[2mdist/[22m[32massets/Acessories-ohne-Trommel-cquOboqb.png                                                                                                                   [39m[1m[2m  860.23 kB[22m[1m[22m
[2mdist/[22m[32massets/UltraSoniX_1-gallon-980x1033-B9yFYbsI.png                                                                                                              [39m[1m[2m1,240.52 kB[22m[1m[22m
[2mdist/[22m[32massets/SW-AE-Feature-Analysis-CgSRqE2G.png                                                                                                                    [39m[1m[2m1,374.82 kB[22m[1m[22m
[2mdist/[22m[32massets/5016-BPzhkxP6.png                                                                                                                                      [39m[1m[2m2,045.69 kB[22m[1m[22m
[2mdist/[22m[32massets/JIREH-Manual-Scanner-STIX-Flange1-D8fh4-fm.jpg                                                                                                         [39m[1m[2m2,981.24 kB[22m[1m[22m
[2mdist/[22m[35massets/index-Cs4XS_bv.css                                                                                                                                     [39m[1m[2m   16.99 kB[22m[1m[22m[2m Γöé gzip:  3.92 kB[22m
[2mdist/[22m[36massets/index-CnAoFYMz.js                                                                                                                                      [39m[1m[2m  274.50 kB[22m[1m[22m[2m Γöé gzip: 83.93 kB[22m
[32mΓ£ô built in 3.60s[39m
